// Vitest Snapshot v1, https://vitest.dev/guide/snapshot.html

exports[`capo report > should generate a well formatted capo report 1`] = `
"# Capo Report

| Capped weETH / eETH(ETH) / USD | ETH / USD | Diff | Date | 7-day growth in yearly % |
| --- | --- | --- | --- | --- |
| 4022.69511587 | 3892.37199 | 3.29% | 10 Mar 2024 | 3.39% |
| 4187.79647706 | 4051.72157013 | 3.30% | 11 Mar 2024 | 3.65% |
| 4084.9163739 | 3951.8 | 3.31% | 12 Mar 2024 | 3.45% |
| 4142.24713661 | 4006.96759142 | 3.32% | 13 Mar 2024 | 3.51% |
| 4013.18898648 | 3881.86606 | 3.33% | 15 Mar 2024 | 3.19% |
| 3890.97413303 | 3763.4063 | 3.33% | 16 Mar 2024 | 2.99% |
| 3657.27699156 | 3537.15488 | 3.34% | 17 Mar 2024 | 2.78% |
| 3730.51277856 | 3607.7 | 3.35% | 18 Mar 2024 | 2.75% |
| 3527.1199042 | 3410.78 | 3.35% | 19 Mar 2024 | 2.58% |
| 3358.22435506 | 3247.26491 | 3.36% | 20 Mar 2024 | 2.38% |
| 3639.21625509 | 3518.59 | 3.37% | 21 Mar 2024 | 2.56% |
| 3626.78329924 | 3506.32167007 | 3.38% | 22 Mar 2024 | 2.58% |
| 3443.40356942 | 3328.75483 | 3.39% | 23 Mar 2024 | 2.68% |
| 3432.83895716 | 3318.29815289 | 3.39% | 24 Mar 2024 | 2.74% |
| 3589.63867272 | 3469.62555434 | 3.40% | 25 Mar 2024 | 2.69% |
| 3785.95083613 | 3659.13658361 | 3.41% | 26 Mar 2024 | 2.69% |
| 3690.05083183 | 3566.1009 | 3.42% | 27 Mar 2024 | 2.88% |
| 3699.94503716 | 3575.39 | 3.42% | 28 Mar 2024 | 2.71% |
| 3658.21925515 | 3534.79 | 3.43% | 29 Mar 2024 | 2.74% |
| 3635.19779513 | 3512.3 | 3.44% | 30 Mar 2024 | 2.67% |
| 3732.54580315 | 3606.17191378 | 3.44% | 31 Mar 2024 | 2.56% |
| 3663.60436472 | 3539.35545849 | 3.45% | 01 Apr 2024 | 2.51% |
| 3438.73281666 | 3321.7664498 | 3.46% | 02 Apr 2024 | 2.71% |
| 3426.86187101 | 3310.09407509 | 3.47% | 03 Apr 2024 | 2.53% |


* 7-day growth is calculated as an annualized percentage relative to the value of the rate 7 days prior. 


| Max Yearly % | Max Day-to-day yearly % | Max 7-day yearly % | 
| --- | --- | --- | --- |
| 8.75% | 4.91% | 3.65% | 


* Max day-to-day yearly % indicates the maximum growth between two emissions as an annualized percentage. 
"
`;
